// Jest Snapshot v1, https://goo.gl/fbAQLP

exports[`<Button /> should render 1`] = `
.c1 {
  display: block;
  -webkit-flex: 0 0 auto;
  -ms-flex: 0 0 auto;
  flex: 0 0 auto;
  line-height: inherit;
  color: inherit;
  -webkit-align-self: center;
  -ms-flex-item-align: center;
  align-self: center;
  margin: auto;
}

.c0 {
  display: -webkit-box;
  display: -webkit-flex;
  display: -ms-flexbox;
  display: flex;
  -webkit-flex: none;
  -ms-flex: none;
  flex: none;
  -webkit-align-self: center;
  -ms-flex-item-align: center;
  align-self: center;
  -webkit-align-items: center;
  -webkit-box-align: center;
  -ms-flex-align: center;
  align-items: center;
  -webkit-box-pack: center;
  -webkit-justify-content: center;
  -ms-flex-pack: center;
  justify-content: center;
  word-break: keep-all;
  cursor: pointer;
  position: relative;
  outline: none;
  border: none;
  -webkit-text-decoration: none;
  text-decoration: none;
  text-align: center;
  margin-right: 0.8rem;
  margin-bottom: 1.2rem;
  font-size: 1.6rem;
  background-color: #fff;
  color: #000000a6;
  width: unset;
  border: .1rem solid rgba(0,0,0,.15);
  border-color: #d9d9d9;
  padding: 0.8rem 1.2rem;
  border-radius: 1rem;
  line-height: 1.5;
  -webkit-transition: all 0.2s;
  transition: all 0.2s;
}

.c0 div + span,
.c0 span + span {
  margin: 0 .8rem;
}

.c0:hover {
  background: #fff;
}

.c0::before {
  position: absolute;
  top: -1px;
  left: -1px;
  bottom: -1px;
  right: -1px;
  background: #fff;
  opacity: .35;
  content: "";
  border-radius: inherit;
  z-index: 1;
  -webkit-transition: opacity .2s;
  -webkit-transition: opacity .2s;
  transition: opacity .2s;
  pointer-events: none;
  display: none;
}

<button
  className="c0"
  disabled={false}
  href={null}
  size="default"
  type="button"
>
  
  <span
    className="c1"
  >
    Button
  </span>
</button>
`;
