// Jest Snapshot v1, https://goo.gl/fbAQLP

exports[`<TextButton /> should render TextButton 1`] = `
.c1 {
  display: block;
  -webkit-flex: 0 0 auto;
  -ms-flex: 0 0 auto;
  flex: 0 0 auto;
  line-height: inherit;
  color: inherit;
  -webkit-align-self: center;
  -ms-flex-item-align: center;
  align-self: center;
  margin: auto;
}

.c0 {
  display: -webkit-box;
  display: -webkit-flex;
  display: -ms-flexbox;
  display: flex;
  -webkit-flex: none;
  -ms-flex: none;
  flex: none;
  -webkit-align-self: center;
  -ms-flex-item-align: center;
  align-self: center;
  -webkit-align-items: center;
  -webkit-box-align: center;
  -ms-flex-align: center;
  align-items: center;
  -webkit-box-pack: center;
  -webkit-justify-content: center;
  -ms-flex-pack: center;
  justify-content: center;
  word-break: keep-all;
  cursor: pointer;
  position: relative;
  outline: none;
  border: none;
  -webkit-text-decoration: none;
  text-decoration: none;
  text-align: center;
  font-size: 1.6rem;
  -webkit-letter-spacing: 0.08rem;
  -moz-letter-spacing: 0.08rem;
  -ms-letter-spacing: 0.08rem;
  letter-spacing: 0.08rem;
  background: transparent;
  background-image: none;
  font-weight: 600;
  color: #000000a6;
  padding: 0.8rem 1.2rem;
}

.c0 div + span,
.c0 span + span {
  margin: 0 .8rem;
}

.c0:hover {
  color: rgba(0,0,0,0.8);
  border-color: transparent;
}

.c0:active {
  color: rgba(0,0,0,0.8);
  border-color: transparent;
}

<button
  className="c0"
  color=""
  disabled={false}
  href={null}
  size="default"
  type="button"
>
  
  <span
    className="c1"
  >
    Text Button
  </span>
</button>
`;
