// Jest Snapshot v1, https://goo.gl/fbAQLP

exports[`<Avatar /> should render Avatar 1`] = `
.c0 {
  display: -webkit-box;
  display: -webkit-flex;
  display: -ms-flexbox;
  display: flex;
  -webkit-flex: none;
  -ms-flex: none;
  flex: none;
  -webkit-align-items: center;
  -webkit-box-align: center;
  -ms-flex-align: center;
  align-items: center;
  -webkit-box-pack: center;
  -webkit-justify-content: center;
  -ms-flex-pack: center;
  justify-content: center;
  list-style: none;
  text-transform: uppercase;
  box-sizing: border-box;
  margin-right: 0.8rem;
  background: #bdbdbd;
  color: #fafafa;
  font-size: 1.6rem;
  line-height: 1.5;
  width: 3.2rem;
  height: 3.2rem;
  padding: 0;
  z-index: 3;
  border-radius: 50%;
}

<div
  className="c0"
  shape="circle"
  size="default"
>
  T
</div>
`;
